[join-binancemaster.minisite.ai/index129d.html]
[backblue.gif]
[fade.gif]
[index.html]
[join-binancemaster.minisite.ai/index.html]
[userimages-sendpulse.s3.eu-central-1.amazonaws.com/sites/107fce5988735e531cae0da812db9a62/86852d4d56fce9a93625b76da5cf2af7/thumbnail.png]
[connect.facebook.net/en_US/fbevents.js]
[join-binancemaster.minisite.ai/sp-auth/constructor/mini-landing-site/browser/styles.css]
[join-binancemaster.minisite.ai/css/theme_settings_styles.css]
[1443908614.rsc.cdn77.org/89a5d85687885b2692546c32fa24e5198267867/Patterns-with-neon-illustrations-Wallpaper-4k-Ultra-HD-ID3475.jpg]
[join-binancemaster.minisite.ai/favicon.ico]
[s8267867.sendpul.se/image/files/emailservice/userfiles/89a5d85687885b2692546c32fa24e5198267867/sites/avatar-photo_2023-10-15_16-48-23 (1).jpg]
[1443908614.rsc.cdn77.org/89a5d85687885b2692546c32fa24e5198267867/IMG_8351.png]
[1443908614.rsc.cdn77.org/89a5d85687885b2692546c32fa24e5198267867/IMG_8352.png]
[1443908614.rsc.cdn77.org/89a5d85687885b2692546c32fa24e5198267867/IMG_8353.png]
[cdn.jsdelivr.net/npm/form-request-submit-polyfill@2.0.0/form-request-submit-polyfill.min.js]
[join-binancemaster.minisite.ai/sp-auth/constructor/mini-landing-site/browser/runtime.js]
[join-binancemaster.minisite.ai/sp-auth/constructor/mini-landing-site/browser/polyfills.js]
[join-binancemaster.minisite.ai/sp-auth/constructor/mini-landing-site/browser/main.js]
[click.pulse.is/public/visit/image/8267867/46888/62763.png]
[join-binancemaster.minisite.ai/index129d.html]
[join-binancemaster.minisite.ai/index.html]
[join-binancemaster.minisite.ai/a.16.delayed]
[join-binancemaster.minisite.ai/POST.17.delayed]
[join-binancemaster.minisite.ai/b.html]
[join-binancemaster.minisite.ai/schema.org/index.html]
[join-binancemaster.minisite.ai/index-2.html]
[join-binancemaster.minisite.ai/signals/iwl.19.delayed]
[connect.facebook.net/en_US/fbevents.js]
[join-binancemaster.minisite.ai/sp-auth/constructor/mini-landing-site/browser/styles.css]
[join-binancemaster.minisite.ai/css/theme_settings_styles.css]
[join-binancemaster.minisite.ai/a.html]
[join-binancemaster.minisite.ai/POST.html]
[join-binancemaster.minisite.ai/schema.org/index.html]
[join-binancemaster.minisite.ai/index-2.html]
[join-binancemaster.minisite.ai/b.html]
[join-binancemaster.minisite.ai/signals/iwl.html]
